22:44:05 **** Incremental Build of configuration Debug for project lab4 ****
make all 
make --no-print-directory pre-build
a9-linaro-pre-build-step
' '
make --no-print-directory main-build
'Building file: ../src/helloworld.c'
'Invoking: ARM v7 gcc compiler'
arm-none-eabi-gcc -Wall -O0 -g3 -c -fmessage-length=0 -MT"src/helloworld.o" -mcpu=cortex-a9 -mfpu=vfpv3 -mfloat-abi=hard -IZ:/EE_277/lab4/lab4_vit/lab4_sa/export/lab4_sa/sw/lab4_sa/standalone_ps7_cortexa9_0/bspinclude/include -MMD -MP -MF"src/helloworld.d" -MT"src/helloworld.o" -o "src/helloworld.o" "../src/helloworld.c"
'Finished building: ../src/helloworld.c'
' '
'Building target: lab4.elf'
'Invoking: ARM v7 gcc linker'
arm-none-eabi-gcc -mcpu=cortex-a9 -mfpu=vfpv3 -mfloat-abi=hard -Wl,-build-id=none -specs=Xilinx.spec -Wl,-T -Wl,../src/lscript.ld -LZ:/EE_277/lab4/lab4_vit/lab4_sa/export/lab4_sa/sw/lab4_sa/standalone_ps7_cortexa9_0/bsplib/lib -o "lab4.elf"  ./src/appsrc/dynclk/dynclk.o  ./src/appsrc/display_ctrl/display_ctrl.o  ./src/helloworld.o ./src/platform.o   -Wl,--start-group,-lxil,-lgcc,-lc,--end-group
'Finished building target: lab4.elf'
' '
'Invoking: ARM v7 Print Size'
arm-none-eabi-size lab4.elf  |tee "lab4.elf.size"
   text	   data	    bss	    dec	    hex	filename
  81891	   2688	11084688	11169267	 aa6df3	lab4.elf
'Finished building: lab4.elf.size'
' '

22:44:08 Build Finished (took 2s.995ms)

