23:22:27 **** Build of configuration Debug for project lab3_vit ****
make all 
make --no-print-directory pre-build
a9-linaro-pre-build-step
' '
make --no-print-directory main-build
'Building file: ../src/main.c'
'Invoking: ARM v7 gcc compiler'
arm-none-eabi-gcc -Wall -O0 -g3 -c -fmessage-length=0 -MT"src/main.o" -mcpu=cortex-a9 -mfpu=vfpv3 -mfloat-abi=hard -IZ:/EE_277/lab3/vitis/lab3_sa/export/lab3_sa/sw/lab3_sa/standalone_ps7_cortexa9_0/bspinclude/include -MMD -MP -MF"src/main.d" -MT"src/main.o" -o "src/main.o" "../src/main.c"
'Finished building: ../src/main.c'
' '
'Building target: lab3_vit.elf'
'Invoking: ARM v7 gcc linker'
arm-none-eabi-gcc -mcpu=cortex-a9 -mfpu=vfpv3 -mfloat-abi=hard -Wl,-build-id=none -specs=Xilinx.spec -Wl,-T -Wl,../src/lscript.ld -LZ:/EE_277/lab3/vitis/lab3_sa/export/lab3_sa/sw/lab3_sa/standalone_ps7_cortexa9_0/bsplib/lib -o "lab3_vit.elf"  ./src/main.o   -Wl,--start-group,-lxil,-lgcc,-lc,--end-group
'Finished building target: lab3_vit.elf'
' '
'Invoking: ARM v7 Print Size'
arm-none-eabi-size lab3_vit.elf  |tee "lab3_vit.elf.size"
   text	   data	    bss	    dec	    hex	filename
  18752	   1144	  22584	  42480	   a5f0	lab3_vit.elf
'Finished building: lab3_vit.elf.size'
' '

23:22:28 Build Finished (took 932ms)

